// Jest Snapshot v1, https://goo.gl/fbAQLP

exports[`Header should match the snapshot with all data passed in correctly 1`] = `
<header
  className="Header"
>
  <h1>
    SWAPIbox
  </h1>
  <div
    className="Header-links"
  >
    <NavLink
      activeClassName="red active"
      className="nav"
      exact={true}
      to="/"
    >
      <img
        className="small-header-img"
        src="non-chunky-hut.svg"
      />
      Home
    </NavLink>
    <NavLink
      activeClassName="yellow active"
      className="nav"
      to="/people"
    >
      <img
        src="boba-fett.svg"
      />
      People
    </NavLink>
    <NavLink
      activeClassName="green active"
      className="nav"
      to="/planets"
    >
      <img
        className="deathstar"
        src="chunky-death-star.svg"
      />
      Planets
    </NavLink>
    <NavLink
      activeClassName="blue active"
      className="nav"
      to="/vehicles"
    >
      <img
        src="x-wing.svg"
      />
      Vehicles
    </NavLink>
    <NavLink
      activeClassName="purple active"
      className="nav"
      to="/favorites"
    >
      <img
        className="small-header-img smaller"
        src="non-chunky-favorite-lightsaber.svg"
      />
      Favorites | 
      1
    </NavLink>
  </div>
</header>
`;
