// Jest Snapshot v1, https://goo.gl/fbAQLP

exports[`App should match the snapshot with all data passed in correctly 1`] = `
<main
  className="App"
>
  <p>
    Hold your horses
  </p>
  <Header
    data={
      Array [
        Object {
          "favorite": "true",
          "homeworld": "Kamino",
          "name": "David",
          "population": 20,
          "species": "wookie",
        },
        Object {
          "favorite": "true",
          "homeworld": "Kamino",
          "name": "David",
          "population": 20,
          "species": "wookie",
        },
      ]
    }
  />
  <Route
    exact={true}
    path="/"
    render={[Function]}
  />
  <Route
    exact={true}
    path="/people"
    render={[Function]}
  />
  <Route
    exact={true}
    path="/planets"
    render={[Function]}
  />
  <Route
    exact={true}
    path="/vehicles"
    render={[Function]}
  />
  <Route
    exact={true}
    path="/favorites"
    render={[Function]}
  />
</main>
`;
